SQL> SELECT USERNAME FROM DBA_USENAME;
SELECT USERNAME FROM DBA_USENAME
                     *
ERROR at line 1:
ORA-00942: table or view does not exist 


SQL> CONN JAVA/1234
Connected.
SQL> --ERD를 참고하여 테이블 생성하기
SQL> --ERD ENTITY RELATION DIAGRAM 개체 관계도
SQL> SELECT TABLE_NAME FROM USER_TABLES;

TABLE_NAME                                                                      
------------------------------------------------------------                    
DEPT                                                                            
EMP                                                                             
CUSTOMER                                                                        

SQL> --반려동물의 주인만들기
SQL> CREATE TABLE OWNER (
  2  OWNER_ID NUMBER PRIMARY KEY,
  3  OWNER_NAME VARCHAR2(20),
  4  PHONE VARCHAR2(20)
  5  );

Table created.

SQL> --OWNER테이블의 PK값을 자동 증가시켜줄 SEQUENCE만들기
SQL> CREATE SEQUENCE SEQ_OWNER
  2  START WITH 1
  3  INCREMENT BY 1;

Sequence created.

SQL> CREATE TABLE ANIMALTYPE(
  2  ANIMALTYPE_ID NUMBER PRIMARY KEY,
  3  TYPE_NAME VARCHAR2(20)
  4  );

Table created.

SQL> CREATE SEQUENCE SEQ_ANIMALTYPE
  2  START WITH 1
  3  INCREMENT BY 1;

Sequence created.

SQL> CREATE TABLE PET(
  2  pet_id number primary key,
  3  pet_name varchar2(20),
  4  age number,
  5  owner_id number,
  6  animaltype_id number,
  7  constraint fk_owner_pet foreign key(owner_id) references owner(owner_id),
  8  constraint fk_animaltype_pet foreign key(animaltype_id) references animaltype(animaltype_id)
  9  );

Table created.

SQL> CREATE SEQUENCE SEQ_PET
  2  START WITH 1;

Sequence created.

SQL> ED
Wrote file afiedt.buf

  1  CREATE SEQUENCE SEQ_PET
  2  START WITH 1
  3* INCREMENT BY 1
SQL> /
CREATE SEQUENCE SEQ_PET
                *
ERROR at line 1:
ORA-00955: name is already used by an existing object 


SQL> /
CREATE SEQUENCE SEQ_PET
                *
ERROR at line 1:
ORA-00955: name is already used by an existing object 


SQL> SPOOL OFF
